// Jest Snapshot v1, https://goo.gl/fbAQLP

exports[`OrgDataRedux should match a snapshot 1`] = `
Array [
  "addNotebook",
  "addNotebookRequest",
  "addOrgFileRequest",
  "addOrgFileSuccess",
  "addToLastCaptured",
  "clearDbRequest",
  "clearDbSuccess",
  "clearLastAddedNode",
  "deleteFile",
  "deleteNodes",
  "getOrgDataRequest",
  "getOrgDataSuccess",
  "loadDayAgenda",
  "loadRelatedNodes",
  "loadToc",
  "loadWeekAgenda",
  "mergeNodeChanges",
  "move",
  "navigationStackChanged",
  "openFileRequest",
  "openIds",
  "removeNodes",
  "rescheduleAgenda",
  "reset",
  "resetStack",
  "runNodeActionRequest",
  "runNodeAction",
  "setMode",
  "showFileActionsDialog",
  "stackLoaded",
  "syncAllFilesRequest",
  "syncAllFilesSuccess",
  "toggleMark",
  "updateFile",
  "updateFileIds",
  "updateLoadedNodes",
  "updateNode",
  "updateOrgData",
  "updateTimestamps",
  "visitPlace",
]
`;
